===== ANALYST longcat 2026-09-03 16:05:03 UTC =====
[91m[1mError: [0m{
  "name": "UnknownError",
  "data": {
    "message": "Unexpected server error. Check server logs for details.",
    "ref": "err_54beede5"
  }
}
===== ANALYST longcat 2026-09-03 19:09:54 UTC =====
[91m[1mError: [0m{
  "name": "UnknownError",
  "data": {
    "message": "Unexpected server error. Check server logs for details.",
    "ref": "err_00a2e04b"
  }
}
===== ANALYST longcat 2026-09-03 21:52:56 UTC =====
[91m[1mError: [0m{
  "name": "UnknownError",
  "data": {
    "message": "Unexpected server error. Check server logs for details.",
    "ref": "err_7035d8e2"
  }
}
===== ANALYST longcat 2026-09-03 23:53:50 UTC =====
[91m[1mError: [0m{
  "name": "UnknownError",
  "data": {
    "message": "Unexpected server error. Check server logs for details.",
    "ref": "err_8b841b34"
  }
}
===== ANALYST longcat 2026-09-04 03:12:27 UTC =====
[91m[1mError: [0m{
  "name": "UnknownError",
  "data": {
    "message": "Unexpected server error. Check server logs for details.",
    "ref": "err_f66dd0cd"
  }
}
===== ANALYST longcat 2026-09-04 08:19:03 UTC =====
[91m[1mError: [0m{
  "name": "UnknownError",
  "data": {
    "message": "Unexpected server error. Check server logs for details.",
    "ref": "err_b221755c"
  }
}
===== ANALYST longcat 2026-09-04 13:03:22 UTC =====
[91m[1mError: [0m{
  "name": "UnknownError",
  "data": {
    "message": "Unexpected server error. Check server logs for details.",
    "ref": "err_2b23e9cf"
  }
}
===== ANALYST longcat 2026-09-04 16:57:50 UTC =====
[91m[1mError: [0m{
  "name": "UnknownError",
  "data": {
    "message": "Unexpected server error. Check server logs for details.",
    "ref": "err_698f74e8"
  }
}
===== ANALYST longcat 2026-09-04 19:26:15 UTC =====
[91m[1mError: [0m{
  "name": "UnknownError",
  "data": {
    "message": "Unexpected server error. Check server logs for details.",
    "ref": "err_a864090c"
  }
}
===== ANALYST longcat 2026-09-04 21:36:50 UTC =====
[91m[1mError: [0m{
  "name": "UnknownError",
  "data": {
    "message": "Unexpected server error. Check server logs for details.",
    "ref": "err_43bbcac5"
  }
}
===== ANALYST longcat 2026-09-04 23:24:05 UTC =====
[91m[1mError: [0m{
  "name": "UnknownError",
  "data": {
    "message": "Unexpected server error. Check server logs for details.",
    "ref": "err_45198e67"
  }
}
===== ANALYST longcat 2026-09-05 01:08:32 UTC =====
[91m[1mError: [0m{
  "name": "UnknownError",
  "data": {
    "message": "Unexpected server error. Check server logs for details.",
    "ref": "err_950076c0"
  }
}
===== ANALYST longcat 2026-09-05 05:54:22 UTC =====
[91m[1mError: [0m{
  "name": "UnknownError",
  "data": {
    "message": "Unexpected server error. Check server logs for details.",
    "ref": "err_a83f3d19"
  }
}
===== ANALYST longcat 2026-09-05 10:05:52 UTC =====
[91m[1mError: [0m{
  "name": "UnknownError",
  "data": {
    "message": "Unexpected server error. Check server logs for details.",
    "ref": "err_dac7b88c"
  }
}
===== ANALYST longcat 2026-09-05 13:29:50 UTC =====
[91m[1mError: [0m{
  "name": "UnknownError",
  "data": {
    "message": "Unexpected server error. Check server logs for details.",
    "ref": "err_866913c4"
  }
}
===== ANALYST longcat 2026-09-05 16:19:40 UTC =====
[91m[1mError: [0m{
  "name": "UnknownError",
  "data": {
    "message": "Unexpected server error. Check server logs for details.",
    "ref": "err_9040e69f"
  }
}
===== ANALYST longcat 2026-09-05 18:43:25 UTC =====
[91m[1mError: [0m{
  "name": "UnknownError",
  "data": {
    "message": "Unexpected server error. Check server logs for details.",
    "ref": "err_735b0f58"
  }
}
===== ANALYST longcat 2026-09-05 20:48:04 UTC =====
[91m[1mError: [0m{
  "name": "UnknownError",
  "data": {
    "message": "Unexpected server error. Check server logs for details.",
    "ref": "err_6d7a25f8"
  }
}
===== ANALYST longcat 2026-09-05 22:40:54 UTC =====
[91m[1mError: [0m{
  "name": "UnknownError",
  "data": {
    "message": "Unexpected server error. Check server logs for details.",
    "ref": "err_19c41066"
  }
}
===== ANALYST longcat 2026-09-06 00:15:23 UTC =====
[91m[1mError: [0m{
  "name": "UnknownError",
  "data": {
    "message": "Unexpected server error. Check server logs for details.",
    "ref": "err_44040522"
  }
}
===== ANALYST longcat 2026-09-06 04:51:42 UTC =====
[91m[1mError: [0m{
  "name": "UnknownError",
  "data": {
    "message": "Unexpected server error. Check server logs for details.",
    "ref": "err_316666f8"
  }
}
===== ANALYST longcat 2026-09-06 09:19:03 UTC =====
[91m[1mError: [0m{
  "name": "UnknownError",
  "data": {
    "message": "Unexpected server error. Check server logs for details.",
    "ref": "err_9edd18d2"
  }
}
===== ANALYST longcat 2026-09-06 13:12:48 UTC =====
[91m[1mError: [0m{
  "name": "UnknownError",
  "data": {
    "message": "Unexpected server error. Check server logs for details.",
    "ref": "err_df59892d"
  }
}
===== ANALYST longcat 2026-09-06 16:03:54 UTC =====
[91m[1mError: [0m{
  "name": "UnknownError",
  "data": {
    "message": "Unexpected server error. Check server logs for details.",
    "ref": "err_ff8d2698"
  }
}
===== ANALYST longcat 2026-09-06 18:30:33 UTC =====
[91m[1mError: [0m{
  "name": "UnknownError",
  "data": {
    "message": "Unexpected server error. Check server logs for details.",
    "ref": "err_c0ddfae8"
  }
}
===== ANALYST longcat 2026-09-06 20:40:02 UTC =====
[91m[1mError: [0m{
  "name": "UnknownError",
  "data": {
    "message": "Unexpected server error. Check server logs for details.",
    "ref": "err_623b49f7"
  }
}
===== ANALYST longcat 2026-09-06 22:27:53 UTC =====
[91m[1mError: [0m{
  "name": "UnknownError",
  "data": {
    "message": "Unexpected server error. Check server logs for details.",
    "ref": "err_b5da140a"
  }
}
===== ANALYST longcat 2026-09-07 00:10:09 UTC =====
[91m[1mError: [0m{
  "name": "UnknownError",
  "data": {
    "message": "Unexpected server error. Check server logs for details.",
    "ref": "err_d2aa42eb"
  }
}
