===== ANALYST ling3 2026-09-03 16:05:03 UTC =====
[91m[1mError: [0m{
  "name": "UnknownError",
  "data": {
    "message": "Unexpected server error. Check server logs for details.",
    "ref": "err_eb5b6bfc"
  }
}
===== ANALYST ling3 2026-09-03 19:09:54 UTC =====
[91m[1mError: [0m{
  "name": "UnknownError",
  "data": {
    "message": "Unexpected server error. Check server logs for details.",
    "ref": "err_82aa039c"
  }
}
===== ANALYST ling3 2026-09-03 21:52:56 UTC =====
[91m[1mError: [0m{
  "name": "UnknownError",
  "data": {
    "message": "Unexpected server error. Check server logs for details.",
    "ref": "err_d51ba354"
  }
}
===== ANALYST ling3 2026-09-03 23:53:50 UTC =====
[91m[1mError: [0m{
  "name": "UnknownError",
  "data": {
    "message": "Unexpected server error. Check server logs for details.",
    "ref": "err_efaa27c1"
  }
}
===== ANALYST ling3 2026-09-04 03:12:27 UTC =====
[91m[1mError: [0m{
  "name": "UnknownError",
  "data": {
    "message": "Unexpected server error. Check server logs for details.",
    "ref": "err_baf8e036"
  }
}
===== ANALYST ling3 2026-09-04 08:19:03 UTC =====
[91m[1mError: [0m{
  "name": "UnknownError",
  "data": {
    "message": "Unexpected server error. Check server logs for details.",
    "ref": "err_6f26577e"
  }
}
===== ANALYST ling3 2026-09-04 13:03:22 UTC =====
[91m[1mError: [0m{
  "name": "UnknownError",
  "data": {
    "message": "Unexpected server error. Check server logs for details.",
    "ref": "err_f2ac0ef2"
  }
}
===== ANALYST ling3 2026-09-04 16:57:50 UTC =====
[91m[1mError: [0m{
  "name": "UnknownError",
  "data": {
    "message": "Unexpected server error. Check server logs for details.",
    "ref": "err_8f512396"
  }
}
===== ANALYST ling3 2026-09-04 19:26:15 UTC =====
[91m[1mError: [0m{
  "name": "UnknownError",
  "data": {
    "message": "Unexpected server error. Check server logs for details.",
    "ref": "err_56e0c8e6"
  }
}
===== ANALYST ling3 2026-09-04 21:36:50 UTC =====
[91m[1mError: [0m{
  "name": "UnknownError",
  "data": {
    "message": "Unexpected server error. Check server logs for details.",
    "ref": "err_b139a3af"
  }
}
===== ANALYST ling3 2026-09-04 23:24:05 UTC =====
[91m[1mError: [0m{
  "name": "UnknownError",
  "data": {
    "message": "Unexpected server error. Check server logs for details.",
    "ref": "err_fe3b6ad3"
  }
}
===== ANALYST ling3 2026-09-05 01:08:32 UTC =====
[91m[1mError: [0m{
  "name": "UnknownError",
  "data": {
    "message": "Unexpected server error. Check server logs for details.",
    "ref": "err_b1d2bfcd"
  }
}
===== ANALYST ling3 2026-09-05 05:54:22 UTC =====
[91m[1mError: [0m{
  "name": "UnknownError",
  "data": {
    "message": "Unexpected server error. Check server logs for details.",
    "ref": "err_08dfa581"
  }
}
===== ANALYST ling3 2026-09-05 10:05:52 UTC =====
[91m[1mError: [0m{
  "name": "UnknownError",
  "data": {
    "message": "Unexpected server error. Check server logs for details.",
    "ref": "err_83a90e00"
  }
}
===== ANALYST ling3 2026-09-05 13:29:50 UTC =====
[91m[1mError: [0m{
  "name": "UnknownError",
  "data": {
    "message": "Unexpected server error. Check server logs for details.",
    "ref": "err_daeb2d12"
  }
}
===== ANALYST ling3 2026-09-05 16:19:40 UTC =====
[91m[1mError: [0m{
  "name": "UnknownError",
  "data": {
    "message": "Unexpected server error. Check server logs for details.",
    "ref": "err_1948d7f7"
  }
}
===== ANALYST ling3 2026-09-05 18:43:25 UTC =====
[91m[1mError: [0m{
  "name": "UnknownError",
  "data": {
    "message": "Unexpected server error. Check server logs for details.",
    "ref": "err_7e08e5de"
  }
}
===== ANALYST ling3 2026-09-05 20:48:04 UTC =====
[91m[1mError: [0m{
  "name": "UnknownError",
  "data": {
    "message": "Unexpected server error. Check server logs for details.",
    "ref": "err_7a030077"
  }
}
===== ANALYST ling3 2026-09-05 22:40:54 UTC =====
[91m[1mError: [0m{
  "name": "UnknownError",
  "data": {
    "message": "Unexpected server error. Check server logs for details.",
    "ref": "err_3b83113a"
  }
}
===== ANALYST ling3 2026-09-06 00:15:23 UTC =====
[91m[1mError: [0m{
  "name": "UnknownError",
  "data": {
    "message": "Unexpected server error. Check server logs for details.",
    "ref": "err_ab775f2b"
  }
}
===== ANALYST ling3 2026-09-06 04:51:42 UTC =====
[91m[1mError: [0m{
  "name": "UnknownError",
  "data": {
    "message": "Unexpected server error. Check server logs for details.",
    "ref": "err_5e4a9d08"
  }
}
===== ANALYST ling3 2026-09-06 09:19:03 UTC =====
[91m[1mError: [0m{
  "name": "UnknownError",
  "data": {
    "message": "Unexpected server error. Check server logs for details.",
    "ref": "err_d064dad0"
  }
}
===== ANALYST ling3 2026-09-06 13:12:48 UTC =====
[91m[1mError: [0m{
  "name": "UnknownError",
  "data": {
    "message": "Unexpected server error. Check server logs for details.",
    "ref": "err_e912beff"
  }
}
===== ANALYST ling3 2026-09-06 16:03:54 UTC =====
[91m[1mError: [0m{
  "name": "UnknownError",
  "data": {
    "message": "Unexpected server error. Check server logs for details.",
    "ref": "err_56d674e4"
  }
}
===== ANALYST ling3 2026-09-06 18:30:33 UTC =====
[91m[1mError: [0m{
  "name": "UnknownError",
  "data": {
    "message": "Unexpected server error. Check server logs for details.",
    "ref": "err_81fd06ed"
  }
}
===== ANALYST ling3 2026-09-06 20:40:02 UTC =====
[91m[1mError: [0m{
  "name": "UnknownError",
  "data": {
    "message": "Unexpected server error. Check server logs for details.",
    "ref": "err_d6e70996"
  }
}
===== ANALYST ling3 2026-09-06 22:27:53 UTC =====
[91m[1mError: [0m{
  "name": "UnknownError",
  "data": {
    "message": "Unexpected server error. Check server logs for details.",
    "ref": "err_28066be8"
  }
}
===== ANALYST ling3 2026-09-07 00:10:09 UTC =====
[91m[1mError: [0m{
  "name": "UnknownError",
  "data": {
    "message": "Unexpected server error. Check server logs for details.",
    "ref": "err_2d33c567"
  }
}
===== ANALYST ling3 2026-09-07 04:54:14 UTC =====
[91m[1mError: [0m{
  "name": "UnknownError",
  "data": {
    "message": "Unexpected server error. Check server logs for details.",
    "ref": "err_42ccbe2b"
  }
}
===== ANALYST ling3 2026-09-07 10:07:54 UTC =====
[91m[1mError: [0m{
  "name": "UnknownError",
  "data": {
    "message": "Unexpected server error. Check server logs for details.",
    "ref": "err_4ed3f927"
  }
}
===== ANALYST ling3 2026-09-07 15:43:51 UTC =====
[91m[1mError: [0m{
  "name": "UnknownError",
  "data": {
    "message": "Unexpected server error. Check server logs for details.",
    "ref": "err_6998120c"
  }
}
===== ANALYST ling3 2026-09-07 19:30:57 UTC =====
[91m[1mError: [0m{
  "name": "UnknownError",
  "data": {
    "message": "Unexpected server error. Check server logs for details.",
    "ref": "err_7aeac9c6"
  }
}
===== ANALYST ling3 2026-09-07 22:20:18 UTC =====
[91m[1mError: [0m{
  "name": "UnknownError",
  "data": {
    "message": "Unexpected server error. Check server logs for details.",
    "ref": "err_5241ac2d"
  }
}
===== ANALYST ling3 2026-09-08 00:35:57 UTC =====
[91m[1mError: [0m{
  "name": "UnknownError",
  "data": {
    "message": "Unexpected server error. Check server logs for details.",
    "ref": "err_dcf1be4d"
  }
}
===== ANALYST ling3 2026-09-08 05:22:10 UTC =====
[91m[1mError: [0m{
  "name": "UnknownError",
  "data": {
    "message": "Unexpected server error. Check server logs for details.",
    "ref": "err_cda99693"
  }
}
===== ANALYST ling3 2026-09-08 09:55:43 UTC =====
[91m[1mError: [0m{
  "name": "UnknownError",
  "data": {
    "message": "Unexpected server error. Check server logs for details.",
    "ref": "err_022f443d"
  }
}
===== ANALYST ling3 2026-09-08 14:17:41 UTC =====
[91m[1mError: [0m{
  "name": "UnknownError",
  "data": {
    "message": "Unexpected server error. Check server logs for details.",
    "ref": "err_e7de2cad"
  }
}
