===== ANALYST laguna 2026-09-03 16:05:03 UTC =====
[91m[1mError: [0m{
  "name": "UnknownError",
  "data": {
    "message": "Unexpected server error. Check server logs for details.",
    "ref": "err_cdc52ef6"
  }
}
===== ANALYST laguna 2026-09-03 19:09:54 UTC =====
[91m[1mError: [0m{
  "name": "UnknownError",
  "data": {
    "message": "Unexpected server error. Check server logs for details.",
    "ref": "err_35087749"
  }
}
===== ANALYST laguna 2026-09-03 21:52:56 UTC =====
[91m[1mError: [0m{
  "name": "UnknownError",
  "data": {
    "message": "Unexpected server error. Check server logs for details.",
    "ref": "err_c6b7a47e"
  }
}
===== ANALYST laguna 2026-09-03 23:53:50 UTC =====
[91m[1mError: [0m{
  "name": "UnknownError",
  "data": {
    "message": "Unexpected server error. Check server logs for details.",
    "ref": "err_821a7c75"
  }
}
===== ANALYST laguna 2026-09-04 03:12:27 UTC =====
[91m[1mError: [0m{
  "name": "UnknownError",
  "data": {
    "message": "Unexpected server error. Check server logs for details.",
    "ref": "err_a580600a"
  }
}
===== ANALYST laguna 2026-09-04 08:19:03 UTC =====
[91m[1mError: [0m{
  "name": "UnknownError",
  "data": {
    "message": "Unexpected server error. Check server logs for details.",
    "ref": "err_0ed00844"
  }
}
===== ANALYST laguna 2026-09-04 13:03:22 UTC =====
[91m[1mError: [0m{
  "name": "UnknownError",
  "data": {
    "message": "Unexpected server error. Check server logs for details.",
    "ref": "err_9fcdd291"
  }
}
===== ANALYST laguna 2026-09-04 16:57:50 UTC =====
[91m[1mError: [0m{
  "name": "UnknownError",
  "data": {
    "message": "Unexpected server error. Check server logs for details.",
    "ref": "err_8bd864d3"
  }
}
===== ANALYST laguna 2026-09-04 19:26:15 UTC =====
[91m[1mError: [0m{
  "name": "UnknownError",
  "data": {
    "message": "Unexpected server error. Check server logs for details.",
    "ref": "err_c33fb207"
  }
}
===== ANALYST laguna 2026-09-04 21:36:50 UTC =====
[91m[1mError: [0m{
  "name": "UnknownError",
  "data": {
    "message": "Unexpected server error. Check server logs for details.",
    "ref": "err_24046910"
  }
}
===== ANALYST laguna 2026-09-04 23:24:05 UTC =====
[91m[1mError: [0m{
  "name": "UnknownError",
  "data": {
    "message": "Unexpected server error. Check server logs for details.",
    "ref": "err_500275f9"
  }
}
===== ANALYST laguna 2026-09-05 01:08:32 UTC =====
[91m[1mError: [0m{
  "name": "UnknownError",
  "data": {
    "message": "Unexpected server error. Check server logs for details.",
    "ref": "err_79512e9f"
  }
}
===== ANALYST laguna 2026-09-05 05:54:22 UTC =====
[91m[1mError: [0m{
  "name": "UnknownError",
  "data": {
    "message": "Unexpected server error. Check server logs for details.",
    "ref": "err_4e3f2841"
  }
}
===== ANALYST laguna 2026-09-05 10:05:52 UTC =====
[91m[1mError: [0m{
  "name": "UnknownError",
  "data": {
    "message": "Unexpected server error. Check server logs for details.",
    "ref": "err_9db3de96"
  }
}
===== ANALYST laguna 2026-09-05 13:29:50 UTC =====
[91m[1mError: [0m{
  "name": "UnknownError",
  "data": {
    "message": "Unexpected server error. Check server logs for details.",
    "ref": "err_0c36b849"
  }
}
===== ANALYST laguna 2026-09-05 16:19:40 UTC =====
[91m[1mError: [0m{
  "name": "UnknownError",
  "data": {
    "message": "Unexpected server error. Check server logs for details.",
    "ref": "err_1ca1054a"
  }
}
===== ANALYST laguna 2026-09-05 18:43:25 UTC =====
[91m[1mError: [0m{
  "name": "UnknownError",
  "data": {
    "message": "Unexpected server error. Check server logs for details.",
    "ref": "err_0011a75e"
  }
}
===== ANALYST laguna 2026-09-05 20:48:04 UTC =====
[91m[1mError: [0m{
  "name": "UnknownError",
  "data": {
    "message": "Unexpected server error. Check server logs for details.",
    "ref": "err_8bc15884"
  }
}
===== ANALYST laguna 2026-09-05 22:40:54 UTC =====
[91m[1mError: [0m{
  "name": "UnknownError",
  "data": {
    "message": "Unexpected server error. Check server logs for details.",
    "ref": "err_6e15d0aa"
  }
}
===== ANALYST laguna 2026-09-06 00:15:23 UTC =====
[91m[1mError: [0m{
  "name": "UnknownError",
  "data": {
    "message": "Unexpected server error. Check server logs for details.",
    "ref": "err_940f98d5"
  }
}
===== ANALYST laguna 2026-09-06 04:51:42 UTC =====
[91m[1mError: [0m{
  "name": "UnknownError",
  "data": {
    "message": "Unexpected server error. Check server logs for details.",
    "ref": "err_21dc1c26"
  }
}
===== ANALYST laguna 2026-09-06 09:19:03 UTC =====
[91m[1mError: [0m{
  "name": "UnknownError",
  "data": {
    "message": "Unexpected server error. Check server logs for details.",
    "ref": "err_f4b4e09b"
  }
}
===== ANALYST laguna 2026-09-06 13:12:48 UTC =====
[91m[1mError: [0m{
  "name": "UnknownError",
  "data": {
    "message": "Unexpected server error. Check server logs for details.",
    "ref": "err_3430e24d"
  }
}
===== ANALYST laguna 2026-09-06 16:03:54 UTC =====
[91m[1mError: [0m{
  "name": "UnknownError",
  "data": {
    "message": "Unexpected server error. Check server logs for details.",
    "ref": "err_da9df490"
  }
}
===== ANALYST laguna 2026-09-06 18:30:33 UTC =====
[91m[1mError: [0m{
  "name": "UnknownError",
  "data": {
    "message": "Unexpected server error. Check server logs for details.",
    "ref": "err_4e9bc6dc"
  }
}
===== ANALYST laguna 2026-09-06 20:40:02 UTC =====
[91m[1mError: [0m{
  "name": "UnknownError",
  "data": {
    "message": "Unexpected server error. Check server logs for details.",
    "ref": "err_79c83243"
  }
}
===== ANALYST laguna 2026-09-06 22:27:53 UTC =====
[91m[1mError: [0m{
  "name": "UnknownError",
  "data": {
    "message": "Unexpected server error. Check server logs for details.",
    "ref": "err_bee71e88"
  }
}
===== ANALYST laguna 2026-09-07 00:10:09 UTC =====
[91m[1mError: [0m{
  "name": "UnknownError",
  "data": {
    "message": "Unexpected server error. Check server logs for details.",
    "ref": "err_ce5ceb51"
  }
}
===== ANALYST laguna 2026-09-07 04:54:14 UTC =====
[91m[1mError: [0m{
  "name": "UnknownError",
  "data": {
    "message": "Unexpected server error. Check server logs for details.",
    "ref": "err_75fce107"
  }
}
===== ANALYST laguna 2026-09-07 10:07:54 UTC =====
[91m[1mError: [0m{
  "name": "UnknownError",
  "data": {
    "message": "Unexpected server error. Check server logs for details.",
    "ref": "err_498ba7fe"
  }
}
===== ANALYST laguna 2026-09-07 15:43:51 UTC =====
[91m[1mError: [0m{
  "name": "UnknownError",
  "data": {
    "message": "Unexpected server error. Check server logs for details.",
    "ref": "err_3d266f70"
  }
}
===== ANALYST laguna 2026-09-07 19:30:57 UTC =====
[91m[1mError: [0m{
  "name": "UnknownError",
  "data": {
    "message": "Unexpected server error. Check server logs for details.",
    "ref": "err_0aeeaa48"
  }
}
===== ANALYST laguna 2026-09-07 22:20:18 UTC =====
[91m[1mError: [0m{
  "name": "UnknownError",
  "data": {
    "message": "Unexpected server error. Check server logs for details.",
    "ref": "err_63122afe"
  }
}
===== ANALYST laguna 2026-09-08 00:35:57 UTC =====
[91m[1mError: [0m{
  "name": "UnknownError",
  "data": {
    "message": "Unexpected server error. Check server logs for details.",
    "ref": "err_5ac681c7"
  }
}
===== ANALYST laguna 2026-09-08 05:22:10 UTC =====
[91m[1mError: [0m{
  "name": "UnknownError",
  "data": {
    "message": "Unexpected server error. Check server logs for details.",
    "ref": "err_fe22003a"
  }
}
