===== ANALYST nemotron3 2026-09-03 16:05:03 UTC =====
[0m
> build · nemotron-3-ultra-free
[0m
[0m$ [0mls -la /home/runner/work/jtl-hunt/jtl-hunt/
total 124
drwxr-xr-x 12 runner runner  4096 Sep  3 15:49 .
drwxr-xr-x  3 runner runner  4096 Sep  3 15:49 ..
drwxr-xr-x  7 runner runner  4096 Sep  3 15:49 .git
drwxr-xr-x  3 runner runner  4096 Sep  3 15:49 .github
-rw-r--r--  1 runner runner  1787 Sep  3 15:49 README.md
-rw-r--r--  1 runner runner    43 Sep  3 15:49 analyst-out.txt
-rw-r--r--  1 runner runner 19735 Sep  3 15:49 analyst-prompt.txt
-rw-r--r--  1 runner runner 15886 Sep  3 15:49 ctx.txt
drwxr-xr-x  2 runner runner  4096 Sep  3 15:49 inventory
drwxr-xr-x  2 runner runner  4096 Sep  3 15:49 knowledge
drwxr-xr-x  2 runner runner  4096 Sep  3 15:49 leads
-rw-r--r--  1 runner runner   145 Sep  3 15:49 probe-results.md
drwxr-xr-x  2 runner runner  4096 Sep  3 15:49 recon-notes
drwxr-xr-x  2 runner runner  4096 Sep  3 15:49 reports
drwxr-xr-x  2 runner runner  4096 Sep  3 15:49 reposcan-raw
-rw-r--r--  1 runner runner  3262 Sep  3 15:49 scope.yml
drwxr-xr-x  2 runner runner  4096 Sep  3 15:49 scripts
-rw-r--r--  1 runner runner    32 Sep  3 15:49 state_bigpickle.json
-rw-r--r--  1 runner runner    32 Sep  3 15:49 state_laguna.json
-rw-r--r--  1 runner runner    32 Sep  3 15:49 state_ling3.json
-rw-r--r--  1 runner runner    32 Sep  3 15:49 state_longcat.json
-rw-r--r--  1 runner runner    33 Sep  3 15:49 state_mimo.json
-rw-r--r--  1 runner runner    32 Sep  3 15:49 state_nemotron3.json
drwxr-xr-x  2 runner runner  4096 Sep  3 15:49 triage
[0m
[0m→ [0mRead scope.yml
[0m
[0m$ [0mls -la /home/runner/work/jtl-hunt/jtl-hunt/inventory/
total 24
drwxr-xr-x  2 runner runner  4096 Sep  3 15:49 .
drwxr-xr-x 12 runner runner  4096 Sep  3 15:49 ..
-rw-r--r--  1 runner runner 15445 Sep  3 15:49 jtl.md
[0m
[0m→ [0mRead inventory/jtl.md
[0m
[0m$ [0mls -la /home/runner/work/jtl-hunt/jtl-hunt/knowledge/
total 12
drwxr-xr-x  2 runner runner 4096 Sep  3 15:49 .
drwxr-xr-x 12 runner runner 4096 Sep  3 15:49 ..
-rw-r--r--  1 runner runner   24 Sep  3 15:49 index.md
[0m
[0m→ [0mRead knowledge/index.md
[0m
[0m$ [0mls -la /home/runner/work/jtl-hunt/jtl-hunt/leads/ /home/runner/work/jtl-hunt/jtl-hunt/recon-notes/ /home/runner/work/jtl-hunt/jtl-hunt/scripts/
/home/runner/work/jtl-hunt/jtl-hunt/leads/:
total 16
drwxr-xr-x  2 runner runner 4096 Sep  3 15:49 .
drwxr-xr-x 12 runner runner 4096 Sep  3 15:49 ..
-rw-r--r--  1 runner runner   18 Sep  3 15:49 lead-mimo.md
-rw-r--r--  1 runner runner  102 Sep  3 15:49 reposcan-jtl.md

/home/runner/work/jtl-hunt/jtl-hunt/recon-notes/:
total 12
drwxr-xr-x  2 runner runner 4096 Sep  3 15:49 .
drwxr-xr-x 12 runner runner 4096 Sep  3 15:49 ..
-rw-r--r--  1 runner runner  819 Sep  3 15:49 DEDICATED-DEEP.md

/home/runner/work/jtl-hunt/jtl-hunt/scripts/:
total 28
drwxr-xr-x  2 runner runner  4096 Sep  3 15:49 .
drwxr-xr-x 12 runner runner  4096 Sep  3 15:49 ..
-rw-r--r--  1 runner runner 16987 Sep  3 15:49 sync-issues.py
[0m
[0m→ [0mRead leads/lead-mimo.md
[0m→ [0mRead leads/reposcan-jtl.md
[0m→ [0mRead recon-notes/DEDICATED-DEEP.md
[0m
[0m$ [0mcat /home/runner/work/jtl-hunt/jtl-hunt/inventory/jtl.md | grep -E "^[0-9]+-" | wc -l
300
[0m
[0m$ [0mcat /home/runner/work/jtl-hunt/jtl-hunt/inventory/jtl.md | grep -E "^[0-9]+-jtl-shop" | wc -l
131
[0m
[0m$ [0mcat /home/runner/work/jtl-hunt/jtl-hunt/inventory/jtl.md | grep -E "^[0-9]+-shopware6" | wc -l
81
[0m
[0m$ [0mcat /home/runner/work/jtl-hunt/jtl-hunt/inventory/jtl.md | grep -E "^[0-9]+-shopware5" | wc -l
25
[0m
[0m$ [0mcat /home/runner/work/jtl-hunt/jtl-hunt/inventory/jtl.md | grep -E "^[0-9]+-woocommerce" | wc -l
47
[0m
[0m$ [0mcat /home/runner/work/jtl-hunt/jtl-hunt/inventory/jtl.md | grep -E "^[0-9]+-prestashop" | wc -l
9
[0m
[0m$ [0mcat /home/runner/work/jtl-hunt/jtl-hunt/inventory/jtl.md | grep -E "^[0-9]+-" | grep -iE "api|admin|v1|v2|beta|internal|graphql|oauth|sso|auth"
(no output)
[0m
[0m$ [0mcat /home/runner/work/jtl-hunt/jtl-hunt/inventory/jtl.md | grep -E "^[0-9]+-jtl-shop" | head -20
1-jtl-shop-a-b-4db87dad.docker.jtl-software.de
1-jtl-shop-a-g-3f8dafab.docker.jtl-software.de
1-jtl-shop-a-j-c946859a.docker.jtl-software.de
1-jtl-shop-a-l-6348cbc1.docker.jtl-software.de
1-jtl-shop-a-m-bc3d4083.docker.jtl-software.de
1-jtl-shop-a-s-1750693f.docker.jtl-software.de
1-jtl-shop-a-z-d7f1b6c3.docker.jtl-software.de
1-jtl-shop-b-b-0a74c760.docker.jtl-software.de
1-jtl-shop-b-b-f73c21c3.docker.jtl-software.de
1-jtl-shop-b-e-65184be3.docker.jtl-software.de
1-jtl-shop-b-e-f8563ada.docker.jtl-software.de
1-jtl-shop-b-j-037e3659.docker.jtl-software.de
1-jtl-shop-b-s-73eae4d3.docker.jtl-software.de
1-jtl-shop-b-z-b8a6b746.docker.jtl-software.de
1-jtl-shop-c-f-9bb14f49.docker.jtl-software.de
1-jtl-shop-c-f-df2eb176.docker.jtl-software.de
1-jtl-shop-c-k-6726fd71.docker.jtl-software.de
1-jtl-shop-c-m-d5c9c3ff.docker.jtl-software.de
1-jtl-shop-c-s-5c143334.docker.jtl-software.de
1-jtl-shop-c-s-b34ff9f8.docker.jtl-software.de
[0m
[0m$ [0mcat /home/runner/work/jtl-hunt/jtl-hunt/inventory/jtl.md | grep -E "^[0-9]+-jtl-shop" | sed -E 's/^[0-9]+-jtl-shop-//' | sed -E 's/\.docker\.jtl-software\.de//' | sort | uniq -c | sort -rn
8 p-g-443d1d50
      6 c-f-9bb14f49
      5 o-s-5fe175f8
      5 m-d-e4cd7550
      5 e-w-83a567c7
      5 a-p-7621c0ce
      4 s-w-f9db1619
      4 m-h-288fb33b
      4 l-h-78c97ede
      4 j-k-bd1ae0ec
      3 f-b-e5fa382e
      3 d-h-ba4e96b4
      3 b-s-73eae4d3
      3 a-b-4db87dad
      2 s-b-94bdc210
      2 m-p-40af4b5e
      2 l-w-ab0f5ac0
      2 d-w-e7ca6cd6
      2 d-e-c731d10c
      1 w-w-8d9cd7cd
      1 w-c-478c52cd
      1 t-r-41aeeafb
      1 t-p-817daf04
      1 t-b-05878fc8
      1 s-e-61cbaf7c
      1 s-d-dbb08a38
      1 r-l-b270c834
      1 p-l-4fca77e7
      1 p-k-9293c494
      1 p-k-23d2c559
      1 p-f-15db359f
      1 p-c-993eb52d
      1 p-a-7acf6a8f
      1 n-t-b9bff39c
      1 n-s-ec694c2a
      1 n-j-6751c657
      1 n-b-79c7929a
      1 m-z-7ed46e09
      1 m-s-6e7b049f
      1 m-h-3508eb5d
      1 m-a-f4c8349b
      1 m-a-aa49e8ed
      1 l-v-d4dff548
      1 l-t-748456f9
      1 l-m-4f040ae6
      1 k-r-05a9855f
      1 k-b-bbfa5059
      1 j-w-6c5c2ce8
      1 j-k-475d02f9
      1 j-b-2744cbb2
      1 i-t-7f41c35e
      1 g-d-d81a9a35
      1 g-b-24865995
      1 f-t-6c45319e
      1 f-p-f08ad4fd
      1 f-e-0c703164
      1 f-d-c90f700a
      1 f-d-065c497d
      1 d-w-441dc342
      1 d-r-bd3ed851
      1 d-r-b74fe157
      1 c-s-b34ff9f8
      1 c-s-5c143334
      1 c-m-d5c9c3ff
      1 c-k-6726fd71
      1 c-f-df2eb176
      1 b-z-b8a6b746
      1 b-j-037e3659
      1 b-e-f8563ada
      1 b-e-65184be3
      1 b-b-f73c21c3
      1 b-b-0a74c760
      1 a-z-d7f1b6c3
      1 a-s-1750693f
      1 a-m-bc3d4083
      1 a-l-6348cbc1
      1 a-j-c946859a
      1 a-g-3f8dafab
[0m
[0m$ [0mcat /home/runner/work/jtl-hunt/jtl-hunt/inventory/jtl.md | grep -E "^[0-9]+-shopware6" | sed -E 's/^[0-9]+-shopware6-//' | sed -E 's/\.docker\.jtl-software\.de//' | sort | uniq -c | sort -rn
29 a-b-4db87dad
     12 p-g-443d1d50
     10 l-w-ab0f5ac0
      7 f-b-e5fa382e
      6 t-p-817daf04
      2 n-t-b9bff39c
      2 m-m-fabf6b2c
      2 i-w-df742e16
      1 t-h-ba9be756
      1 s-w-f9db1619
      1 r-k-694bc9d9
      1 r-c-e66f6070
      1 m-h-288fb33b
      1 m-d-f8a0685c
      1 i-t-7f41c35e
      1 d-h-ba4e96b4
      1 c-s-5c143334
      1 b-s-1369b77f
      1 a-m-bc3d4083
[0m
[0m$ [0mcat /home/runner/work/jtl-hunt/jtl-hunt/inventory/jtl.md | grep -E "^[0-9]+-woocommerce" | sed -E 's/^[0-9]+-woocommerce-//' | sed -E 's/\.docker\.jtl-software\.de//' | sort | uniq -c | sort -rn
9 p-g-443d1d50
      9 l-w-ab0f5ac0
      5 t-p-817daf04
      5 f-b-e5fa382e
      5 a-b-4db87dad
      2 n-t-b9bff39c
      2 m-m-fabf6b2c
      2 d-e-c731d10c
      1 t-p-817daf04-s.traefik
      1 t-h-ba9be756
      1 m-s-43cc1cbe
      1 m-k-8a9f5f88
      1 m-k-1eeb5bf2
      1 m-b-de67b7c7
      1 i-t-7f41c35e
      1 f-h-fc0441d9
[0m
Now I have a complete picture. Let me execute the 8-step analysis.

---

### STEP 1 — DELTA

[NEW] 300 containerized test hosts under `docker.jtl-software.de` discovered via passive DNS/CT (131 JTL-Shop, 81 Shopware6, 47 WooCommerce, 25 Shopware5, 9 PrestaShop, 3 Gambio, 5 Modified)
[NEW] 23 shared test configuration profiles (suffixes like `a-b-4db87dad`, `p-g-443d1d50`, `f-b-e5fa382e`, `l-w-ab0f5ac0`, `t-p-817daf04`) deployed across multiple platforms and environment instances (prefixes 1-, 10-, 11-, 12-, 13-, 14-, 100-, etc.)
[NEW] 0 live HTTP probes performed — all hosts unvalidated for reachability, tech stack, or attack surface
[CHANGED] Dedicated deep recon confirms wildcard-dominated DNS (159 resolving, 0 genuinely dedicated after shared-IP filtering)

---

### STEP 2 — PRIORITIZE

[PRIO] jtl-shop:a-b-4db87dad,8.8,attack_surface=9,business_value=10,tech_exposure=7,gate_ease=10,cloud_surface=8,freshness=8
[PRIO] jtl-shop:p-g-443d1d50,8.5,attack_surface=9,business_value=10,tech_exposure=7,gate_ease=10,cloud_surface=7,freshness=8
[PRIO] jtl-shop:f-b-e5fa382e,8.2,attack_surface=8,business_value=10,tech_exposure=7,gate_ease=10,cloud_surface=7,freshness=8
[PRIO] jtl-shop:l-w-ab0f5ac0,8.0,attack_surface=8,business_value=10,tech_exposure=6,gate_ease=10,cloud_surface=7,freshness=8
[PRIO] jtl-shop:t-p-817daf04,7.8,attack_surface=8,business_value=10,tech_exposure=6,gate_ease=10,cloud_surface=6,freshness=8
[PRIO] shopware6:a-b-4db87dad,7.5,attack_surface=9,business_value=7,tech_exposure=8,gate_ease=10,cloud_surface=8,freshness=8
[PRIO] woocommerce:p-g-443d1d50,7.0,attack_surface=8,business_value=6,tech_exposure=7,gate_ease=10,cloud_surface=7,freshness=8

*Scoring: priority = 0.25×attack_surface + 0.25×business_value + 0.15×tech_exposure + 0.15×gate_ease + 0.10×cloud_surface + 0.10×freshness*

---

### STEP 3 — HYPOTHESES

[HYP] JTL-Shop API endpoint exposure in shared test profile a-b-4db87dad
class: MISCONFIG
asset: 1-jtl-shop-a-b-4db87dad.docker.jtl-software.de (representative of 3 JTL-Shop + 29 Shopware6 + 5 WooCommerce instances)
confidence: 65
reasoning: Profile a-b-4db87dad is the most widely deployed cross-platform config (37 instances). JTL-Shop exposes REST API at `/api/v1/` or `/api/` by default. Test environments often lack auth middleware or have debug endpoints enabled (`/api/_debug`, `/api/v1/_info`, `/api/v1/system/info`). Shared profile suggests identical config across platforms — if one leaks API, all do.
evidence_needed: HTTP 200 on GET /api/v1/ or /api/ with JSON response containing version/users/products data; absent auth headers; debug endpoints returning stack traces or config
verify_steps: GET https://1-jtl-shop-a-b-4db87dad.docker.jtl-software.de/api/v1/; GET /api/; GET /api/_debug; GET /api/v1/system/info; HEAD /api/v1/products — all read-only, no auth
impact: Unauthenticated access to JTL-Shop REST API → product/customer/order enumeration, potential mass assignment on write endpoints, API key leakage — HIGH severity (core product, multi-tenant exposure across 37 containers)
testability: PASSIVE

[HYP] JTL-Shop OAuth/OIDC redirect_uri validation bypass in profile p-g-443d1d50
class: AUTH
asset: 1-jtl-shop-p-g-443d1d50.docker.jtl-software.de (representative of 8 JTL-Shop + 12 Shopware6 + 9 WooCommerce = 29 instances)
confidence: 55
reasoning: Profile p-g-443d1d50 is second most deployed (29 instances). JTL-Shop supports OAuth2/OIDC for third-party integrations. Test/staging envs often use loose redirect_uri validation (allowing subdomain wildcard, HTTP localhost, or path traversal). Shared config across platforms means misconfig replicates.
evidence_needed: OAuth authorize endpoint accepts redirect_uri with path traversal (`/../evil.com`), open redirect on subdomain (`evil.docker.jtl-software.de`), or HTTP scheme; state parameter not enforced
verify_steps: GET /oauth/authorize?client_id=test&redirect_uri=https://evil.com&response_type=code&state=x; GET /oauth/authorize?redirect_uri=http://localhost:8080/callback; GET /oauth/authorize?redirect_uri=https://1-jtl-shop-p-g-443d1d50.docker.jtl-software.de/../evil.com — read-only
impact: OAuth code theft → account takeover on connected JTL-Shop instances — CRITICAL if production OAuth clients share config; HIGH for test env credential harvesting
testability: PASSIVE

[HYP] JTL-Shop file upload RCE via unrestricted media handler in profile f-b-e5fa382e
class: OTHER
asset: 1-jtl-shop-f-b-e5fa382e.docker.jtl-software.de (representative of 3 JTL-Shop + 7 Shopware6 + 5 WooCommerce = 15 instances)
confidence: 45
reasoning: Profile f-b-e5fa382e deployed across 15 containers. JTL-Shop media manager allows file uploads (product images, exports). Test profiles may disable MIME validation, allow .php/.phtml upload, or lack extension filtering. Shared profile = shared vulnerability.
evidence_needed: POST /admin/media/upload accepts .php/.phtml with Content-Type image/png; uploaded file executable at /media/uploads/shell.php; MIME bypass via polyglot or magic bytes
verify_steps: GET /admin/media (check for upload UI); OPTIONS /admin/media/upload (check allowed methods); passive fingerprint of upload endpoint via robots.txt/sitemap — no actual upload (mutating)
impact: RCE on test containers → lateral movement to internal network, source code access, CI/CD credential theft — HIGH
testability: PASSIVE (fingerprint only; upload test requires AUTH_HELPED)

---

### STEP 4 — SELF-CRITIQUE

[PARKED] JTL-Shop file upload RCE via unrestricted media handler in profile f-b-e5fa382e: confidence 45 < 50 threshold; verify_steps require mutating upload test (not PASSIVE-only); class OTHER borderline for REJECTED-class "known-vulnerable library without program-specific exploit"
[FINAL] 1. JTL-Shop API endpoint exposure in shared test profile a-b-4db87dad (confidence 65)
[FINAL] 2. JTL-Shop OAuth/OIDC redirect_uri validation bypass in profile p-g-443d1d50 (confidence 55)

---

### STEP 5 — NEXT ACTION

[NEXT] PROBE: GET https://1-jtl-shop-a-b-4db87dad.docker.jtl-software.de/api/v1/ HTTP/1.1 — read-only, no auth, single request to confirm API exposure and response structure

---

### STEP 6 — LEARNING

[LEARN] ACCEPTED MISCONFIG @ jtl-shop:a-b-4db87dad: Cross-platform shared test profiles (37 instances) create systemic risk — one misconfig replicates across JTL-Shop, Shopware6, WooCommerce
[LEARN] ACCEPTED AUTH @ jtl-shop:p-g-443d1d50: OAuth redirect_uri validation in test/staging environments historically loose; 29-instance profile amplifies impact
[LEARN] REJECTED OTHER @ jtl-shop:f-b-e5fa382e: File upload RCE requires mutating test; confidence <50; program prohibits data modification on live customer data (these may be test envs but unverified)

---

### STEP 7 — RISK

[RISK] jtl: 75 — High-value core product (JTL-Shop) deployed in 131 test containers with 23 shared configs; wildcard DNS hides true attack surface; unauthenticated API/OAuth exposure in test envs could leak production keys or enable supply-chain attacks; no live validation yet — risk increases with each confirmed finding
===== ANALYST nemotron3 2026-09-03 19:09:54 UTC =====
[0m
> build · nemotron-3-ultra-free
[0m
[0m$ [0mdate -u +"%Y-%m-%d %H:%M:%S UTC"
2026-09-03 19:07:16 UTC
[0m
[NEW] Knowledge base adds 3 LEARN entries (ACCEPTED MISCONFIG a-b-4db87dad, ACCEPTED AUTH p-g-443d1d50, REJECTED OTHER f-b-e5fa382e) not in prior leads
[NEW] Inventory provides full 300-host enumeration (131 JTL-Shop, 81 Shopware6, 47 WooCommerce, 25 Shopware5, 9 PrestaShop, 3 Gambio, 5 Modified) for targeting
[CHANGED] Phase advanced to SURFACE with target=api — requires live HTTP validation of top hypotheses

[PRIO] 1-jtl-shop-a-b-4db87dad.docker.jtl-software.de,8.9,attack_surface=9,business_value=10,tech_exposure=7,gate_ease=10,cloud_surface=8,freshness=8
[PRIO] 1-jtl-shop-p-g-443d1d50.docker.jtl-software.de,8.8,attack_surface=9,business_value=10,tech_exposure=7,gate_ease=10,cloud_surface=7,freshness=8
[PRIO] 116-jtl-shop-l-w-ab0f5ac0.docker.jtl-software.de,8.4,attack_surface=8,business_value=10,tech_exposure=6,gate_ease=10,cloud_surface=7,freshness=8

[HYP] JTL-Shop API endpoint exposure in shared test profile a-b-4db87dad
class: MISCONFIG
asset: 1-jtl-shop-a-b-4db87dad.docker.jtl-software.de
confidence: 65
reasoning: Profile a-b-4db87dad deployed across 37 containers (3 JTL-Shop, 29 Shopware6, 5 WooCommerce). JTL-Shop exposes REST API at `/api/v1/` or `/api/` by default. Test environments often lack auth middleware or have debug endpoints enabled (`/api/_debug`, `/api/v1/_info`, `/api/v1/system/info`). Shared profile suggests identical config across platforms.
evidence_needed: HTTP 200 on GET /api/v1/ or /api/ with JSON response containing version/users/products data; absent auth headers; debug endpoints returning stack traces or config
verify_steps: GET https://1-jtl-shop-a-b-4db87dad.docker.jtl-software.de/api/v1/; GET /api/; GET /api/_debug; GET /api/v1/system/info; HEAD /api/v1/products — all read-only, no auth
impact: Unauthenticated access to JTL-Shop REST API → product/customer/order enumeration, potential mass assignment on write endpoints, API key leakage — HIGH severity (core product, multi-tenant exposure across 37 containers)
testability: PASSIVE

[HYP] JTL-Shop OAuth/OIDC redirect_uri validation bypass in profile p-g-443d1d50
class: AUTH
asset: 1-jtl-shop-p-g-443d1d50.docker.jtl-software.de
confidence: 55
reasoning: Profile p-g-443d1d50 deployed across 29 containers (8 JTL-Shop, 12 Shopware6, 9 WooCommerce). JTL-Shop supports OAuth2/OIDC for third-party integrations. Test/staging envs historically use loose redirect_uri validation (allowing subdomain wildcard, HTTP localhost, or path traversal). Shared config across platforms means misconfig replicates.
evidence_needed: OAuth authorize endpoint accepts redirect_uri with path traversal (`/../evil.com`), open redirect on subdomain (`evil.docker.jtl-software.de`), or HTTP scheme; state parameter not enforced
verify_steps: GET /oauth/authorize?client_id=test&redirect_uri=https://evil.com&response_type=code&state=x; GET /oauth/authorize?redirect_uri=http://localhost:8080/callback; GET /oauth/authorize?redirect_uri=https://1-jtl-shop-p-g-443d1d50.docker.jtl-software.de/../evil.com — read-only
impact: OAuth code theft → account takeover on connected JTL-Shop instances — CRITICAL if production OAuth clients share config; HIGH for test env credential harvesting
testability: PASSIVE

[HYP] JTL-Shop GraphQL introspection enabled in profile l-w-ab0f5ac0
class: MISCONFIG
asset: 116-jtl-shop-l-w-ab0f5ac0.docker.jtl-software.de
confidence: 50
reasoning: Profile l-w-ab0f5ac0 deployed on 2 JTL-Shop containers (116, 118) plus Shopware6/WooCommerce. JTL-Shop v5+ may expose GraphQL at `/graphql` or `/api/graphql`. Test profiles often enable introspection (`__schema`, `__type`) for development. Shared config = shared exposure.
evidence_needed: POST /graphql with `{"query":"{__schema{types{name}}}"}` returns 200 with full type schema; GET /graphql?query=... also works; no auth required
verify_steps: POST https://116-jtl-shop-l-w-ab0f5ac0.docker.jtl-software.de/graphql Content-Type: application/json body: {"query":"{__schema{types{name}}}"}; GET /graphql?query={__schema{types{name}}}; GET /api/graphql — read-only
impact: Full API schema enumeration → field-level auth bypass discovery, hidden mutations, PII field mapping — HIGH (enables targeted IDOR/BOLA/mass assignment)
testability: PASSIVE

[PARKED] JTL-Shop file upload RCE via unrestricted media handler in profile f-b-e5fa382e: confidence 45 < 50 threshold; verify_steps require mutating upload test (not PASSIVE-only); class OTHER borderline for REJECTED-class "known-vulnerable library without program-specific exploit"
[FINAL] 1. JTL-Shop API endpoint exposure in shared test profile a-b-4db87dad (confidence 65)
[FINAL] 2. JTL-Shop OAuth/OIDC redirect_uri validation bypass in profile p-g-443d1d50 (confidence 55)
[FINAL] 3. JTL-Shop GraphQL introspection enabled in profile l-w-ab0f5ac0 (confidence 50)

[NEXT] PROBE: GET https://1-jtl-shop-a-b-4db87dad.docker.jtl-software.de/api/v1/ HTTP/1.1 — read-only, no auth, single request to confirm API exposure and response structure

[LEARN] ACCEPTED MISCONFIG @ jtl-shop:a-b-4db87dad: Cross-platform shared test profiles (37 instances) create systemic risk — one misconfig replicates across JTL-Shop, Shopware6, WooCommerce
[LEARN] ACCEPTED AUTH @ jtl-shop:p-g-443d1d50: OAuth redirect_uri validation in test/staging environments historically loose; 29-instance profile amplifies impact
[LEARN] REJECTED OTHER @ jtl-shop:f-b-e5fa382e: File upload RCE requires mutating test; confidence <50; program prohibits data modification on live customer data (these may be test envs but unverified)
[LEARN] ACCEPTED: passive DNS/CT enumeration alone insufficient for JTL bug bounty. Main services likely on primary domains.

[RISK] jtl: 78 — High-value core product (JTL-Shop) deployed in 131 test containers with 23 shared configs; wildcard DNS hides true attack surface; unauthenticated API/OAuth/GraphQL exposure in test envs could leak production keys or enable supply-chain attacks; no live validation yet — risk increases with each confirmed finding
===== ANALYST nemotron3 2026-09-03 21:52:56 UTC =====
[0m
> build · nemotron-3-ultra-free
[0m
[0m$ [0mcurl -s -o /dev/null -w "%{http_code} %{content_type}\n" -H "Accept: application/json" "https://1-jtl-shop-a-b-4db87dad.docker.jtl-software.de/api/v1/" --max-time 10
000
[0m
[0m$ [0mcurl -s -o /dev/null -w "%{http_code} %{content_type}\n" -H "Accept: application/json" "https://1-jtl-shop-a-b-4db87dad.docker.jtl-software.de/api/v1/" --max-time 15 -v 2>&1 | tail -20
* Host 1-jtl-shop-a-b-4db87dad.docker.jtl-software.de:443 was resolved.
* IPv6: (none)
* IPv4: 31.172.91.250
*   Trying 31.172.91.250:443...
* Connection timed out after 15002 milliseconds
* Closing connection
000
[0m
[0m$ [0mcurl -s -o /dev/null -w "%{http_code} %{content_type}\n" -H "Accept: application/json" "http://1-jtl-shop-a-b-4db87dad.docker.jtl-software.de/api/v1/" --max-time 10
000
[0m
[0m$ [0mcurl -s -o /dev/null -w "%{http_code} %{content_type}\n" "http://1-jtl-shop-a-b-4db87dad.docker.jtl-software.de/" --max-time 10 -v 2>&1 | tail -15
* Host 1-jtl-shop-a-b-4db87dad.docker.jtl-software.de:80 was resolved.
* IPv6: (none)
* IPv4: 31.172.91.250
*   Trying 31.172.91.250:80...
* Connection timed out after 10001 milliseconds
* Closing connection
000
[0m
[0m$ [0mcurl -s -o /dev/null -w "%{http_code} %{content_type}\n" "https://1-jtl-shop-p-g-443d1d50.docker.jtl-software.de/" --max-time 10 -v 2>&1 | tail -15
* Host 1-jtl-shop-p-g-443d1d50.docker.jtl-software.de:443 was resolved.
* IPv6: (none)
* IPv4: 31.172.91.250
*   Trying 31.172.91.250:443...
* Connection timed out after 10001 milliseconds
* Closing connection
000
[0m
[0m$ [0mcurl -s -o /dev/null -w "%{http_code} %{content_type}\n" "https://116-jtl-shop-l-w-ab0f5ac0.docker.jtl-software.de/" --max-time 10 -v 2>&1 | tail -15
* Host 116-jtl-shop-l-w-ab0f5ac0.docker.jtl-software.de:443 was resolved.
* IPv6: (none)
* IPv4: 31.172.91.250
*   Trying 31.172.91.250:443...
* Connection timed out after 10002 milliseconds
* Closing connection
000
[0m
[0m$ [0mcurl -s -o /dev/null -w "%{http_code} %{content_type}\n" "https://1-jtl-shop-a-g-3f8dafab.docker.jtl-software.de/" --max-time 10 -v 2>&1 | tail -15
* Host 1-jtl-shop-a-g-3f8dafab.docker.jtl-software.de:443 was resolved.
* IPv6: (none)
* IPv4: 31.172.91.250
*   Trying 31.172.91.250:443...
* Connection timed out after 10001 milliseconds
* Closing connection
000
[0m
[0m$ [0mdig +short 1-jtl-shop-a-b-4db87dad.docker.jtl-software.de
31.172.91.250
[0m
[0m$ [0mdig +short 1-shopware6-a-b-4db87dad.docker.jtl-software.de 1-woocommerce-a-b-4db87dad.docker.jtl-software.de
31.172.91.250
31.172.91.250
[0m
[NEW] All 300 hosts resolve to single IP 31.172.91.250 (wildcard DNS) but TCP 80/443 connection timeout — no live HTTP reachability from internet
[CHANGED] Phase SURFACE target=api blocked: top-priority assets (1-jtl-shop-a-b-4db87dad, 1-jtl-shop-p-g-443d1d50, 116-jtl-shop-l-w-ab0f5ac0) unreachable; cannot validate API/OAuth/GraphQL hypotheses passively

[PRIO] 1-jtl-shop-a-b-4db87dad.docker.jtl-software.de,8.9,attack_surface=9,business_value=10,tech_exposure=7,gate_ease=10,cloud_surface=8,freshness=8
[PRIO] 1-jtl-shop-p-g-443d1d50.docker.jtl-software.de,8.8,attack_surface=9,business_value=10,tech_exposure=7,gate_ease=10,cloud_surface=7,freshness=8
[PRIO] 116-jtl-shop-l-w-ab0f5ac0.docker.jtl-software.de,8.4,attack_surface=8,business_value=10,tech_exposure=6,gate_ease=10,cloud_surface=7,freshness=8

[HYP] JTL-Shop API endpoint exposure in shared test profile a-b-4db87dad
class: MISCONFIG
asset: 1-jtl-shop-a-b-4db87dad.docker.jtl-software.de
confidence: 65
reasoning: Profile a-b-4db87dad deployed across 37 containers (3 JTL-Shop, 29 Shopware6, 5 WooCommerce). JTL-Shop exposes REST API at `/api/v1/` or `/api/` by default. Test environments often lack auth middleware or have debug endpoints enabled (`/api/_debug`, `/api/v1/_info`, `/api/v1/system/info`). Shared profile suggests identical config across platforms.
evidence_needed: HTTP 200 on GET /api/v1/ or /api/ with JSON response containing version/users/products data; absent auth headers; debug endpoints returning stack traces or config
verify_steps: GET https://1-jtl-shop-a-b-4db87dad.docker.jtl-software.de/api/v1/; GET /api/; GET /api/_debug; GET /api/v1/system/info; HEAD /api/v1/products — all read-only, no auth
impact: Unauthenticated access to JTL-Shop REST API → product/customer/order enumeration, potential mass assignment on write endpoints, API key leakage — HIGH severity (core product, multi-tenant exposure across 37 containers)
testability: PASSIVE

[HYP] JTL-Shop OAuth/OIDC redirect_uri validation bypass in profile p-g-443d1d50
class: AUTH
asset: 1-jtl-shop-p-g-443d1d50.docker.jtl-software.de
confidence: 55
reasoning: Profile p-g-443d1d50 deployed across 29 containers (8 JTL-Shop, 12 Shopware6, 9 WooCommerce). JTL-Shop supports OAuth2/OIDC for third-party integrations. Test/staging envs historically use loose redirect_uri validation (allowing subdomain wildcard, HTTP localhost, or path traversal). Shared config across platforms means misconfig replicates.
evidence_needed: OAuth authorize endpoint accepts redirect_uri with path traversal (`/../evil.com`), open redirect on subdomain (`evil.docker.jtl-software.de`), or HTTP scheme; state parameter not enforced
verify_steps: GET /oauth/authorize?client_id=test&redirect_uri=https://evil.com&response_type=code&state=x; GET /oauth/authorize?redirect_uri=http://localhost:8080/callback; GET /oauth/authorize?redirect_uri=https://1-jtl-shop-p-g-443d1d50.docker.jtl-software.de/../evil.com — read-only
impact: OAuth code theft → account takeover on connected JTL-Shop instances — CRITICAL if production OAuth clients share config; HIGH for test env credential harvesting
testability: PASSIVE

[HYP] JTL-Shop GraphQL introspection enabled in profile l-w-ab0f5ac0
class: MISCONFIG
asset: 116-jtl-shop-l-w-ab0f5ac0.docker.jtl-software.de
confidence: 50
reasoning: Profile l-w-ab0f5ac0 deployed on 2 JTL-Shop containers (116, 118) plus Shopware6/WooCommerce. JTL-Shop v5+ may expose GraphQL at `/graphql` or `/api/graphql`. Test profiles often enable introspection (`__schema`, `__type`) for development. Shared config = shared exposure.
evidence_needed: POST /graphql with `{"query":"{__schema{types{name}}}"}` returns 200 with full type schema; GET /graphql?query=... also works; no auth required
verify_steps: POST https://116-jtl-shop-l-w-ab0f5ac0.docker.jtl-software.de/graphql Content-Type: application/json body: {"query":"{__schema{types{name}}}"}; GET /graphql?query={__schema{types{name}}}; GET /api/graphql — read-only
impact: Full API schema enumeration → field-level auth bypass discovery, hidden mutations, PII field mapping — HIGH (enables targeted IDOR/BOLA/mass assignment)
testability: PASSIVE

[PARKED] JTL-Shop API endpoint exposure in shared test profile a-b-4db87dad: cannot verify — host unreachable (TCP timeout on 31.172.91.250:443/80); all 300 hosts share same IP, containers not internet-accessible
[PARKED] JTL-Shop OAuth/OIDC redirect_uri validation bypass in profile p-g-443d1d50: cannot verify — same network unreachability
[PARKED] JTL-Shop GraphQL introspection enabled in profile l-w-ab0f5ac0: cannot verify — same network unreachability
[FINAL] No hypotheses survive live validation — all require network access to docker.jtl-software.de containers

[NEXT] RAG: Determine if docker.jtl-software.de test environment requires VPN/SSH tunnel or internal network access; check JTL-Software AG bug bounty program docs for test environment access instructions

[LEARN] ACCEPTED MISCONFIG @ jtl-shop:a-b-4db87dad: Cross-platform shared test profiles (37 instances) create systemic risk — one misconfig replicates across JTL-Shop, Shopware6, WooCommerce
[LEARN] ACCEPTED AUTH @ jtl-shop:p-g-443d1d50: OAuth redirect_uri validation in test/staging environments historically loose; 29-instance profile amplifies impact
[LEARN] REJECTED OTHER @ jtl-shop:f-b-e5fa382e: File upload RCE requires mutating test; confidence <50; program prohibits data modification on live customer data (these may be test envs but unverified)
[LEARN] ACCEPTED: passive DNS/CT enumeration alone insufficient for JTL bug bounty. Main services likely on primary domains.
[LEARN] REJECTED NETWORK @ docker.jtl-software.de: All 300 container hosts resolve to single IP 31.172.91.250 but TCP 80/443 timeout — wildcard DNS masks true attack surface; test containers not internet-routable

[RISK] jtl: 78 — High-value core product (JTL-Shop) deployed in 131 test containers with 23 shared configs; wildcard DNS hides true attack surface; unauthenticated API/OAuth/GraphQL exposure in test envs could leak production keys or enable supply-chain attacks; no live validation possible — containers not internet-accessible; risk confirmation requires internal network access
